// Jest Snapshot v1, https://goo.gl/fbAQLP

exports[`<CanvasPage /> should render and match the snapshot 1`] = `
<h1>
  <span>
    This is the CanvasPage container!
  </span>
</h1>
`;
