// Jest Snapshot v1, https://goo.gl/fbAQLP

exports[`<CanvasManuallyPage /> should render and match the snapshot 1`] = `
<h1>
  <span>
    This is the CanvasManuallyPage container!
  </span>
</h1>
`;
